C:/Users/power/OneDrive/Dokumente/6 sem/Embedded/STM32CubeFunctionPack_ALLMEMS2_V2.1.0/Drivers/STM32L4xx_HAL_Driver/Src/stm32l4xx_hal_crc.c:432:17:CRC_Handle_8	20	static
C:/Users/power/OneDrive/Dokumente/6 sem/Embedded/STM32CubeFunctionPack_ALLMEMS2_V2.1.0/Drivers/STM32L4xx_HAL_Driver/Src/stm32l4xx_hal_crc.c:483:17:CRC_Handle_16	20	static
C:/Users/power/OneDrive/Dokumente/6 sem/Embedded/STM32CubeFunctionPack_ALLMEMS2_V2.1.0/Drivers/STM32L4xx_HAL_Driver/Src/stm32l4xx_hal_crc.c:223:13:HAL_CRC_MspInit	0	static
C:/Users/power/OneDrive/Dokumente/6 sem/Embedded/STM32CubeFunctionPack_ALLMEMS2_V2.1.0/Drivers/STM32L4xx_HAL_Driver/Src/stm32l4xx_hal_crc.c:103:19:HAL_CRC_Init	8	static
C:/Users/power/OneDrive/Dokumente/6 sem/Embedded/STM32CubeFunctionPack_ALLMEMS2_V2.1.0/Drivers/STM32L4xx_HAL_Driver/Src/stm32l4xx_hal_crc.c:238:13:HAL_CRC_MspDeInit	0	static
C:/Users/power/OneDrive/Dokumente/6 sem/Embedded/STM32CubeFunctionPack_ALLMEMS2_V2.1.0/Drivers/STM32L4xx_HAL_Driver/Src/stm32l4xx_hal_crc.c:179:19:HAL_CRC_DeInit	16	static
C:/Users/power/OneDrive/Dokumente/6 sem/Embedded/STM32CubeFunctionPack_ALLMEMS2_V2.1.0/Drivers/STM32L4xx_HAL_Driver/Src/stm32l4xx_hal_crc.c:287:10:HAL_CRC_Accumulate	16	static
C:/Users/power/OneDrive/Dokumente/6 sem/Embedded/STM32CubeFunctionPack_ALLMEMS2_V2.1.0/Drivers/STM32L4xx_HAL_Driver/Src/stm32l4xx_hal_crc.c:339:10:HAL_CRC_Calculate	24	static
C:/Users/power/OneDrive/Dokumente/6 sem/Embedded/STM32CubeFunctionPack_ALLMEMS2_V2.1.0/Drivers/STM32L4xx_HAL_Driver/Src/stm32l4xx_hal_crc.c:406:22:HAL_CRC_GetState	0	static
