C:/Users/power/OneDrive/Dokumente/6 sem/Embedded/STM32CubeFunctionPack_ALLMEMS2_V2.1.0/Projects/STM32L476RG-SensorTile/Applications/ALLMEMS2/Src/AudioBV_Manager.c:78:6:AudioBV_Manager_init	8	static
C:/Users/power/OneDrive/Dokumente/6 sem/Embedded/STM32CubeFunctionPack_ALLMEMS2_V2.1.0/Projects/STM32L476RG-SensorTile/Applications/ALLMEMS2/Src/AudioBV_Manager.c:146:6:SW_Task3_Start	0	static
C:/Users/power/OneDrive/Dokumente/6 sem/Embedded/STM32CubeFunctionPack_ALLMEMS2_V2.1.0/Projects/STM32L476RG-SensorTile/Applications/ALLMEMS2/Src/AudioBV_Manager.c:112:6:AudioProcess_BV	8	static
C:/Users/power/OneDrive/Dokumente/6 sem/Embedded/STM32CubeFunctionPack_ALLMEMS2_V2.1.0/Projects/STM32L476RG-SensorTile/Applications/ALLMEMS2/Src/AudioBV_Manager.c:151:6:SW_BV_send_Callback	8	static
