../STM32L476RG-SensorTile_ALLMEMS2/User/Light_Manager.c:151:14:Check_emergency_motion	0	static
../STM32L476RG-SensorTile_ALLMEMS2/User/Light_Manager.c:220:6:StopOffCallback	0	static
../STM32L476RG-SensorTile_ALLMEMS2/User/Light_Manager.c:164:14:Check_emergency_button	8	static
../STM32L476RG-SensorTile_ALLMEMS2/User/Light_Manager.c:176:14:Check_head_light_button	8	static
../STM32L476RG-SensorTile_ALLMEMS2/User/Light_Manager.c:194:14:Check_turn_left_button	8	static
../STM32L476RG-SensorTile_ALLMEMS2/User/Light_Manager.c:207:14:Check_turn_right_button	8	static
../STM32L476RG-SensorTile_ALLMEMS2/User/Light_Manager.c:225:6:DaylightBlinkCallback	0	static
../STM32L476RG-SensorTile_ALLMEMS2/User/Light_Manager.c:238:6:BacklightBlinkCallback	0	static
../STM32L476RG-SensorTile_ALLMEMS2/User/Light_Manager.c:400:6:StopTimerCallback	8	static
../STM32L476RG-SensorTile_ALLMEMS2/User/Light_Manager.c:184:14:Check_day_light_button	8	static
../STM32L476RG-SensorTile_ALLMEMS2/User/Light_Manager.c:114:7:sum	0	static
../STM32L476RG-SensorTile_ALLMEMS2/User/Light_Manager.c:123:14:Check_acceleration	16	static
../STM32L476RG-SensorTile_ALLMEMS2/User/Light_Manager.c:234:6:DaylightOffCallback	0	static
../STM32L476RG-SensorTile_ALLMEMS2/User/Light_Manager.c:323:6:Send_signal_to_terminal	40	static
../STM32L476RG-SensorTile_ALLMEMS2/User/Light_Manager.c:414:6:SignalDelay	24	static
../STM32L476RG-SensorTile_ALLMEMS2/User/Light_Manager.c:436:6:PeriodicTimerStart	24	static
../STM32L476RG-SensorTile_ALLMEMS2/User/Light_Manager.c:452:6:PeriodicTimerStop	8	static
../STM32L476RG-SensorTile_ALLMEMS2/User/Light_Manager.c:229:6:DaylightBlinkOffCallback	8	static
../STM32L476RG-SensorTile_ALLMEMS2/User/Light_Manager.c:242:5:Generate_light_signal	8	static
../STM32L476RG-SensorTile_ALLMEMS2/User/Light_Manager.c:369:6:Manage_motion_light_signals	24	static
../STM32L476RG-SensorTile_ALLMEMS2/User/Light_Manager.c:385:6:Manage_button_light_signals	24	static
