../STM32L476RG-SensorTile_ALLMEMS2/User/Light_Manager.c:107:14:Check_acceleration	0	static
../STM32L476RG-SensorTile_ALLMEMS2/User/Light_Manager.c:130:14:Check_emergency_motion	0	static
../STM32L476RG-SensorTile_ALLMEMS2/User/Light_Manager.c:195:6:StopOffCallback	0	static
../STM32L476RG-SensorTile_ALLMEMS2/User/Light_Manager.c:139:14:Check_emergency_button	8	static
../STM32L476RG-SensorTile_ALLMEMS2/User/Light_Manager.c:151:14:Check_head_light_button	8	static
../STM32L476RG-SensorTile_ALLMEMS2/User/Light_Manager.c:169:14:Check_turn_left_button	8	static
../STM32L476RG-SensorTile_ALLMEMS2/User/Light_Manager.c:182:14:Check_turn_right_button	8	static
../STM32L476RG-SensorTile_ALLMEMS2/User/Light_Manager.c:200:6:DaylightBlinkCallback	0	static
../STM32L476RG-SensorTile_ALLMEMS2/User/Light_Manager.c:213:6:BacklightBlinkCallback	0	static
../STM32L476RG-SensorTile_ALLMEMS2/User/Light_Manager.c:358:6:StopTimerCallback	8	static
../STM32L476RG-SensorTile_ALLMEMS2/User/Light_Manager.c:159:14:Check_day_light_button	8	static
../STM32L476RG-SensorTile_ALLMEMS2/User/Light_Manager.c:209:6:DaylightOffCallback	0	static
../STM32L476RG-SensorTile_ALLMEMS2/User/Light_Manager.c:284:6:Send_signal_to_terminal	40	static
../STM32L476RG-SensorTile_ALLMEMS2/User/Light_Manager.c:372:6:SignalDelay	24	static
../STM32L476RG-SensorTile_ALLMEMS2/User/Light_Manager.c:394:6:PeriodicTimerStart	24	static
../STM32L476RG-SensorTile_ALLMEMS2/User/Light_Manager.c:410:6:PeriodicTimerStop	8	static
../STM32L476RG-SensorTile_ALLMEMS2/User/Light_Manager.c:204:6:DaylightBlinkOffCallback	8	static
../STM32L476RG-SensorTile_ALLMEMS2/User/Light_Manager.c:217:6:Generate_light_signal	8	static
../STM32L476RG-SensorTile_ALLMEMS2/User/Light_Manager.c:330:6:Manage_motion_light_signals	24	static
../STM32L476RG-SensorTile_ALLMEMS2/User/Light_Manager.c:345:6:Manage_button_light_signals	24	static
