C:/Users/power/OneDrive/Dokumente/6 sem/Embedded/STM32CubeFunctionPack_ALLMEMS2_V2.1.0/Projects/STM32L476RG-SensorTile/Applications/ALLMEMS2/Src/main.c:983:13:startProcessing	16
C:/Users/power/OneDrive/Dokumente/6 sem/Embedded/STM32CubeFunctionPack_ALLMEMS2_V2.1.0/Projects/STM32L476RG-SensorTile/Applications/ALLMEMS2/Src/main.c:2865:13:LedBlinkCb	3
C:/Users/power/OneDrive/Dokumente/6 sem/Embedded/STM32CubeFunctionPack_ALLMEMS2_V2.1.0/Projects/STM32L476RG-SensorTile/Applications/ALLMEMS2/Src/main.c:505:6:Send_msg_BT_terminal	2
C:/Users/power/OneDrive/Dokumente/6 sem/Embedded/STM32CubeFunctionPack_ALLMEMS2_V2.1.0/Projects/STM32L476RG-SensorTile/Applications/ALLMEMS2/Src/main.c:486:13:LightManagementThread	3
C:/Users/power/OneDrive/Dokumente/6 sem/Embedded/STM32CubeFunctionPack_ALLMEMS2_V2.1.0/Projects/STM32L476RG-SensorTile/Applications/ALLMEMS2/Src/main.c:636:5:SendMsgToHost	4
C:/Users/power/OneDrive/Dokumente/6 sem/Embedded/STM32CubeFunctionPack_ALLMEMS2_V2.1.0/Projects/STM32L476RG-SensorTile/Applications/ALLMEMS2/Src/main.c:1031:5:startProc	24
C:/Users/power/OneDrive/Dokumente/6 sem/Embedded/STM32CubeFunctionPack_ALLMEMS2_V2.1.0/Projects/STM32L476RG-SensorTile/Applications/ALLMEMS2/Src/main.c:1138:5:stopProc	15
C:/Users/power/OneDrive/Dokumente/6 sem/Embedded/STM32CubeFunctionPack_ALLMEMS2_V2.1.0/Projects/STM32L476RG-SensorTile/Applications/ALLMEMS2/Src/main.c:1231:6:Set2GAccelerometerFullScale	1
C:/Users/power/OneDrive/Dokumente/6 sem/Embedded/STM32CubeFunctionPack_ALLMEMS2_V2.1.0/Projects/STM32L476RG-SensorTile/Applications/ALLMEMS2/Src/main.c:1246:6:Set4GAccelerometerFullScale	1
C:/Users/power/OneDrive/Dokumente/6 sem/Embedded/STM32CubeFunctionPack_ALLMEMS2_V2.1.0/Projects/STM32L476RG-SensorTile/Applications/ALLMEMS2/Src/main.c:1353:7:AccEvent_Msg	1
C:/Users/power/OneDrive/Dokumente/6 sem/Embedded/STM32CubeFunctionPack_ALLMEMS2_V2.1.0/Projects/STM32L476RG-SensorTile/Applications/ALLMEMS2/Src/main.c:1360:7:AccStepEvent_Msg	1
C:/Users/power/OneDrive/Dokumente/6 sem/Embedded/STM32CubeFunctionPack_ALLMEMS2_V2.1.0/Projects/STM32L476RG-SensorTile/Applications/ALLMEMS2/Src/main.c:1757:6:AudioProcess_DB_Noise	3
C:/Users/power/OneDrive/Dokumente/6 sem/Embedded/STM32CubeFunctionPack_ALLMEMS2_V2.1.0/Projects/STM32L476RG-SensorTile/Applications/ALLMEMS2/Src/main.c:1726:6:AudioProcess	4
C:/Users/power/OneDrive/Dokumente/6 sem/Embedded/STM32CubeFunctionPack_ALLMEMS2_V2.1.0/Projects/STM32L476RG-SensorTile/Applications/ALLMEMS2/Src/main.c:1802:6:BSP_AUDIO_IN_HalfTransfer_CallBack	1
C:/Users/power/OneDrive/Dokumente/6 sem/Embedded/STM32CubeFunctionPack_ALLMEMS2_V2.1.0/Projects/STM32L476RG-SensorTile/Applications/ALLMEMS2/Src/main.c:1812:6:BSP_AUDIO_IN_TransferComplete_CallBack	1
C:/Users/power/OneDrive/Dokumente/6 sem/Embedded/STM32CubeFunctionPack_ALLMEMS2_V2.1.0/Projects/STM32L476RG-SensorTile/Applications/ALLMEMS2/Src/main.c:1825:6:ReadEnvironmentalData	3
C:/Users/power/OneDrive/Dokumente/6 sem/Embedded/STM32CubeFunctionPack_ALLMEMS2_V2.1.0/Projects/STM32L476RG-SensorTile/Applications/ALLMEMS2/Src/main.c:2169:6:SystemClock_Config	4
C:/Users/power/OneDrive/Dokumente/6 sem/Embedded/STM32CubeFunctionPack_ALLMEMS2_V2.1.0/Projects/STM32L476RG-SensorTile/Applications/ALLMEMS2/Src/main.c:447:5:main	10
C:/Users/power/OneDrive/Dokumente/6 sem/Embedded/STM32CubeFunctionPack_ALLMEMS2_V2.1.0/Projects/STM32L476RG-SensorTile/Applications/ALLMEMS2/Src/main.c:2270:6:RTC_DataConfig	2
C:/Users/power/OneDrive/Dokumente/6 sem/Embedded/STM32CubeFunctionPack_ALLMEMS2_V2.1.0/Projects/STM32L476RG-SensorTile/Applications/ALLMEMS2/Src/main.c:2295:6:RTC_TimeConfig	2
C:/Users/power/OneDrive/Dokumente/6 sem/Embedded/STM32CubeFunctionPack_ALLMEMS2_V2.1.0/Projects/STM32L476RG-SensorTile/Applications/ALLMEMS2/Src/main.c:2320:6:RTC_AlarmConfig	13
C:/Users/power/OneDrive/Dokumente/6 sem/Embedded/STM32CubeFunctionPack_ALLMEMS2_V2.1.0/Projects/STM32L476RG-SensorTile/Applications/ALLMEMS2/Src/main.c:2446:6:HAL_RTC_AlarmAEventCallback	2
C:/Users/power/OneDrive/Dokumente/6 sem/Embedded/STM32CubeFunctionPack_ALLMEMS2_V2.1.0/Projects/STM32L476RG-SensorTile/Applications/ALLMEMS2/Src/main.c:2457:6:RTC_GetCurrentDateTime	1
C:/Users/power/OneDrive/Dokumente/6 sem/Embedded/STM32CubeFunctionPack_ALLMEMS2_V2.1.0/Projects/STM32L476RG-SensorTile/Applications/ALLMEMS2/Src/main.c:514:13:ProcessThread	83
C:/Users/power/OneDrive/Dokumente/6 sem/Embedded/STM32CubeFunctionPack_ALLMEMS2_V2.1.0/Projects/STM32L476RG-SensorTile/Applications/ALLMEMS2/Src/main.c:2473:6:HAL_Delay	2
C:/Users/power/OneDrive/Dokumente/6 sem/Embedded/STM32CubeFunctionPack_ALLMEMS2_V2.1.0/Projects/STM32L476RG-SensorTile/Applications/ALLMEMS2/Src/main.c:2487:6:Error_Handler	1
C:/Users/power/OneDrive/Dokumente/6 sem/Embedded/STM32CubeFunctionPack_ALLMEMS2_V2.1.0/Projects/STM32L476RG-SensorTile/Applications/ALLMEMS2/Src/main.c:2499:6:HAL_GPIO_EXTI_Callback	5
C:/Users/power/OneDrive/Dokumente/6 sem/Embedded/STM32CubeFunctionPack_ALLMEMS2_V2.1.0/Projects/STM32L476RG-SensorTile/Applications/ALLMEMS2/Src/main.c:2590:15:ReCallMagnetoCalibrationFromMemory	2
C:/Users/power/OneDrive/Dokumente/6 sem/Embedded/STM32CubeFunctionPack_ALLMEMS2_V2.1.0/Projects/STM32L476RG-SensorTile/Applications/ALLMEMS2/Src/main.c:2614:15:SaveMagnetoCalibrationToMemory	3
C:/Users/power/OneDrive/Dokumente/6 sem/Embedded/STM32CubeFunctionPack_ALLMEMS2_V2.1.0/Projects/STM32L476RG-SensorTile/Applications/ALLMEMS2/Src/main.c:2835:6:LedBlinkStart	3
C:/Users/power/OneDrive/Dokumente/6 sem/Embedded/STM32CubeFunctionPack_ALLMEMS2_V2.1.0/Projects/STM32L476RG-SensorTile/Applications/ALLMEMS2/Src/main.c:2849:6:LedBlinkStop	2
C:/Users/power/OneDrive/Dokumente/6 sem/Embedded/STM32CubeFunctionPack_ALLMEMS2_V2.1.0/Projects/STM32L476RG-SensorTile/Applications/ALLMEMS2/Src/main.c:656:13:HostThread	26
C:/Users/power/OneDrive/Dokumente/6 sem/Embedded/STM32CubeFunctionPack_ALLMEMS2_V2.1.0/Projects/STM32L476RG-SensorTile/Applications/ALLMEMS2/Src/main.c:2916:6:vApplicationStackOverflowHook	1
C:/Users/power/OneDrive/Dokumente/6 sem/Embedded/STM32CubeFunctionPack_ALLMEMS2_V2.1.0/Projects/STM32L476RG-SensorTile/Applications/ALLMEMS2/Src/main.c:2925:6:vApplicationMallocFailedHook	1
