C:/Users/power/OneDrive/Dokumente/6 sem/Embedded/STM32CubeFunctionPack_ALLMEMS2_V2.1.0/Projects/STM32L476RG-SensorTile/Applications/ALLMEMS2/Src/main.c:997:13:startProcessing	0	static
C:/Users/power/OneDrive/Dokumente/6 sem/Embedded/STM32CubeFunctionPack_ALLMEMS2_V2.1.0/Projects/STM32L476RG-SensorTile/Applications/ALLMEMS2/Src/main.c:2878:13:LedBlinkCb	8	static
C:/Users/power/OneDrive/Dokumente/6 sem/Embedded/STM32CubeFunctionPack_ALLMEMS2_V2.1.0/Projects/STM32L476RG-SensorTile/Applications/ALLMEMS2/Src/main.c:516:6:Send_msg_BT_terminal	8	static
C:/Users/power/OneDrive/Dokumente/6 sem/Embedded/STM32CubeFunctionPack_ALLMEMS2_V2.1.0/Projects/STM32L476RG-SensorTile/Applications/ALLMEMS2/Src/main.c:491:13:LightManagementThread	8	static
C:/Users/power/OneDrive/Dokumente/6 sem/Embedded/STM32CubeFunctionPack_ALLMEMS2_V2.1.0/Projects/STM32L476RG-SensorTile/Applications/ALLMEMS2/Src/main.c:645:5:SendMsgToHost	16	static
C:/Users/power/OneDrive/Dokumente/6 sem/Embedded/STM32CubeFunctionPack_ALLMEMS2_V2.1.0/Projects/STM32L476RG-SensorTile/Applications/ALLMEMS2/Src/main.c:1045:5:startProc	56	static
C:/Users/power/OneDrive/Dokumente/6 sem/Embedded/STM32CubeFunctionPack_ALLMEMS2_V2.1.0/Projects/STM32L476RG-SensorTile/Applications/ALLMEMS2/Src/main.c:1152:5:stopProc	56	static
C:/Users/power/OneDrive/Dokumente/6 sem/Embedded/STM32CubeFunctionPack_ALLMEMS2_V2.1.0/Projects/STM32L476RG-SensorTile/Applications/ALLMEMS2/Src/main.c:1245:6:Set2GAccelerometerFullScale	8	static
C:/Users/power/OneDrive/Dokumente/6 sem/Embedded/STM32CubeFunctionPack_ALLMEMS2_V2.1.0/Projects/STM32L476RG-SensorTile/Applications/ALLMEMS2/Src/main.c:1260:6:Set4GAccelerometerFullScale	8	static
C:/Users/power/OneDrive/Dokumente/6 sem/Embedded/STM32CubeFunctionPack_ALLMEMS2_V2.1.0/Projects/STM32L476RG-SensorTile/Applications/ALLMEMS2/Src/main.c:1367:7:AccEvent_Msg	48	static
C:/Users/power/OneDrive/Dokumente/6 sem/Embedded/STM32CubeFunctionPack_ALLMEMS2_V2.1.0/Projects/STM32L476RG-SensorTile/Applications/ALLMEMS2/Src/main.c:1374:7:AccStepEvent_Msg	48	static
C:/Users/power/OneDrive/Dokumente/6 sem/Embedded/STM32CubeFunctionPack_ALLMEMS2_V2.1.0/Projects/STM32L476RG-SensorTile/Applications/ALLMEMS2/Src/main.c:1770:6:AudioProcess_DB_Noise	0	static
C:/Users/power/OneDrive/Dokumente/6 sem/Embedded/STM32CubeFunctionPack_ALLMEMS2_V2.1.0/Projects/STM32L476RG-SensorTile/Applications/ALLMEMS2/Src/main.c:1739:6:AudioProcess	8	static
C:/Users/power/OneDrive/Dokumente/6 sem/Embedded/STM32CubeFunctionPack_ALLMEMS2_V2.1.0/Projects/STM32L476RG-SensorTile/Applications/ALLMEMS2/Src/main.c:1815:6:BSP_AUDIO_IN_HalfTransfer_CallBack	0	static
C:/Users/power/OneDrive/Dokumente/6 sem/Embedded/STM32CubeFunctionPack_ALLMEMS2_V2.1.0/Projects/STM32L476RG-SensorTile/Applications/ALLMEMS2/Src/main.c:1825:6:BSP_AUDIO_IN_TransferComplete_CallBack	0	static
C:/Users/power/OneDrive/Dokumente/6 sem/Embedded/STM32CubeFunctionPack_ALLMEMS2_V2.1.0/Projects/STM32L476RG-SensorTile/Applications/ALLMEMS2/Src/main.c:1838:6:ReadEnvironmentalData	48	static
C:/Users/power/OneDrive/Dokumente/6 sem/Embedded/STM32CubeFunctionPack_ALLMEMS2_V2.1.0/Projects/STM32L476RG-SensorTile/Applications/ALLMEMS2/Src/main.c:2182:6:SystemClock_Config	248	static
C:/Users/power/OneDrive/Dokumente/6 sem/Embedded/STM32CubeFunctionPack_ALLMEMS2_V2.1.0/Projects/STM32L476RG-SensorTile/Applications/ALLMEMS2/Src/main.c:452:5:main	48	static
C:/Users/power/OneDrive/Dokumente/6 sem/Embedded/STM32CubeFunctionPack_ALLMEMS2_V2.1.0/Projects/STM32L476RG-SensorTile/Applications/ALLMEMS2/Src/main.c:2283:6:RTC_DataConfig	16	static
C:/Users/power/OneDrive/Dokumente/6 sem/Embedded/STM32CubeFunctionPack_ALLMEMS2_V2.1.0/Projects/STM32L476RG-SensorTile/Applications/ALLMEMS2/Src/main.c:2308:6:RTC_TimeConfig	32	static
C:/Users/power/OneDrive/Dokumente/6 sem/Embedded/STM32CubeFunctionPack_ALLMEMS2_V2.1.0/Projects/STM32L476RG-SensorTile/Applications/ALLMEMS2/Src/main.c:2333:6:RTC_AlarmConfig	96	static
C:/Users/power/OneDrive/Dokumente/6 sem/Embedded/STM32CubeFunctionPack_ALLMEMS2_V2.1.0/Projects/STM32L476RG-SensorTile/Applications/ALLMEMS2/Src/main.c:2459:6:HAL_RTC_AlarmAEventCallback	0	static
C:/Users/power/OneDrive/Dokumente/6 sem/Embedded/STM32CubeFunctionPack_ALLMEMS2_V2.1.0/Projects/STM32L476RG-SensorTile/Applications/ALLMEMS2/Src/main.c:2470:6:RTC_GetCurrentDateTime	8	static
C:/Users/power/OneDrive/Dokumente/6 sem/Embedded/STM32CubeFunctionPack_ALLMEMS2_V2.1.0/Projects/STM32L476RG-SensorTile/Applications/ALLMEMS2/Src/main.c:526:13:ProcessThread	184	static
C:/Users/power/OneDrive/Dokumente/6 sem/Embedded/STM32CubeFunctionPack_ALLMEMS2_V2.1.0/Projects/STM32L476RG-SensorTile/Applications/ALLMEMS2/Src/main.c:2486:6:HAL_Delay	16	static,ignoring_inline_asm
C:/Users/power/OneDrive/Dokumente/6 sem/Embedded/STM32CubeFunctionPack_ALLMEMS2_V2.1.0/Projects/STM32L476RG-SensorTile/Applications/ALLMEMS2/Src/main.c:2500:6:Error_Handler	0	static
C:/Users/power/OneDrive/Dokumente/6 sem/Embedded/STM32CubeFunctionPack_ALLMEMS2_V2.1.0/Projects/STM32L476RG-SensorTile/Applications/ALLMEMS2/Src/main.c:2512:6:HAL_GPIO_EXTI_Callback	48	static
C:/Users/power/OneDrive/Dokumente/6 sem/Embedded/STM32CubeFunctionPack_ALLMEMS2_V2.1.0/Projects/STM32L476RG-SensorTile/Applications/ALLMEMS2/Src/main.c:2603:15:ReCallMagnetoCalibrationFromMemory	16	static
C:/Users/power/OneDrive/Dokumente/6 sem/Embedded/STM32CubeFunctionPack_ALLMEMS2_V2.1.0/Projects/STM32L476RG-SensorTile/Applications/ALLMEMS2/Src/main.c:2627:15:SaveMagnetoCalibrationToMemory	8	static
C:/Users/power/OneDrive/Dokumente/6 sem/Embedded/STM32CubeFunctionPack_ALLMEMS2_V2.1.0/Projects/STM32L476RG-SensorTile/Applications/ALLMEMS2/Src/main.c:2848:6:LedBlinkStart	16	static
C:/Users/power/OneDrive/Dokumente/6 sem/Embedded/STM32CubeFunctionPack_ALLMEMS2_V2.1.0/Projects/STM32L476RG-SensorTile/Applications/ALLMEMS2/Src/main.c:2862:6:LedBlinkStop	8	static
C:/Users/power/OneDrive/Dokumente/6 sem/Embedded/STM32CubeFunctionPack_ALLMEMS2_V2.1.0/Projects/STM32L476RG-SensorTile/Applications/ALLMEMS2/Src/main.c:665:13:HostThread	40	static
C:/Users/power/OneDrive/Dokumente/6 sem/Embedded/STM32CubeFunctionPack_ALLMEMS2_V2.1.0/Projects/STM32L476RG-SensorTile/Applications/ALLMEMS2/Src/main.c:2929:6:vApplicationStackOverflowHook	0	static
C:/Users/power/OneDrive/Dokumente/6 sem/Embedded/STM32CubeFunctionPack_ALLMEMS2_V2.1.0/Projects/STM32L476RG-SensorTile/Applications/ALLMEMS2/Src/main.c:2938:6:vApplicationMallocFailedHook	0	static
