C:/Users/power/OneDrive/Dokumente/6 sem/Embedded/STM32CubeFunctionPack_ALLMEMS2_V2.1.0/Projects/STM32L476RG-SensorTile/Applications/ALLMEMS2/Src/MotionFX_Manager.c:79:6:MotionFX_manager_init	48	static
C:/Users/power/OneDrive/Dokumente/6 sem/Embedded/STM32CubeFunctionPack_ALLMEMS2_V2.1.0/Projects/STM32L476RG-SensorTile/Applications/ALLMEMS2/Src/MotionFX_Manager.c:134:6:MotionFX_manager_run	24	static
C:/Users/power/OneDrive/Dokumente/6 sem/Embedded/STM32CubeFunctionPack_ALLMEMS2_V2.1.0/Projects/STM32L476RG-SensorTile/Applications/ALLMEMS2/Src/MotionFX_Manager.c:162:6:MotionFX_manager_start_6X	0	static
C:/Users/power/OneDrive/Dokumente/6 sem/Embedded/STM32CubeFunctionPack_ALLMEMS2_V2.1.0/Projects/STM32L476RG-SensorTile/Applications/ALLMEMS2/Src/MotionFX_Manager.c:171:6:MotionFX_manager_stop_6X	0	static
C:/Users/power/OneDrive/Dokumente/6 sem/Embedded/STM32CubeFunctionPack_ALLMEMS2_V2.1.0/Projects/STM32L476RG-SensorTile/Applications/ALLMEMS2/Src/MotionFX_Manager.c:180:6:MotionFX_manager_start_9X	0	static
C:/Users/power/OneDrive/Dokumente/6 sem/Embedded/STM32CubeFunctionPack_ALLMEMS2_V2.1.0/Projects/STM32L476RG-SensorTile/Applications/ALLMEMS2/Src/MotionFX_Manager.c:189:6:MotionFX_manager_stop_9X	0	static
C:/Users/power/OneDrive/Dokumente/6 sem/Embedded/STM32CubeFunctionPack_ALLMEMS2_V2.1.0/Projects/STM32L476RG-SensorTile/Applications/ALLMEMS2/Src/MotionFX_Manager.c:199:15:MotionFX_manager_getDataOUT	0	static
C:/Users/power/OneDrive/Dokumente/6 sem/Embedded/STM32CubeFunctionPack_ALLMEMS2_V2.1.0/Projects/STM32L476RG-SensorTile/Applications/ALLMEMS2/Src/MotionFX_Manager.c:209:14:MotionFX_manager_getDataIN	0	static
C:/Users/power/OneDrive/Dokumente/6 sem/Embedded/STM32CubeFunctionPack_ALLMEMS2_V2.1.0/Projects/STM32L476RG-SensorTile/Applications/ALLMEMS2/Src/MotionFX_Manager.c:219:6:MotionFX_manager_MagCal_run	8	static
C:/Users/power/OneDrive/Dokumente/6 sem/Embedded/STM32CubeFunctionPack_ALLMEMS2_V2.1.0/Projects/STM32L476RG-SensorTile/Applications/ALLMEMS2/Src/MotionFX_Manager.c:231:6:MotionFX_manager_MagCal_start	0	static
C:/Users/power/OneDrive/Dokumente/6 sem/Embedded/STM32CubeFunctionPack_ALLMEMS2_V2.1.0/Projects/STM32L476RG-SensorTile/Applications/ALLMEMS2/Src/MotionFX_Manager.c:242:6:MotionFX_manager_MagCal_stop	0	static
C:/Users/power/OneDrive/Dokumente/6 sem/Embedded/STM32CubeFunctionPack_ALLMEMS2_V2.1.0/Projects/STM32L476RG-SensorTile/Applications/ALLMEMS2/Src/MotionFX_Manager.c:254:6:MotionFX_LoadMagCalFromNVM	0	static
C:/Users/power/OneDrive/Dokumente/6 sem/Embedded/STM32CubeFunctionPack_ALLMEMS2_V2.1.0/Projects/STM32L476RG-SensorTile/Applications/ALLMEMS2/Src/MotionFX_Manager.c:267:6:MotionFX_SaveMagCalInNVM	0	static
