C:/Users/power/OneDrive/Dokumente/6 sem/Embedded/STM32CubeFunctionPack_ALLMEMS2_V2.1.0/Middlewares/Third_Party/FreeRTOS/Source/timers.c:916:13:prvCheckForValidListAndQueue	24	static
C:/Users/power/OneDrive/Dokumente/6 sem/Embedded/STM32CubeFunctionPack_ALLMEMS2_V2.1.0/Middlewares/Third_Party/FreeRTOS/Source/timers.c:668:19:prvInsertTimerInActiveList	8	static
C:/Users/power/OneDrive/Dokumente/6 sem/Embedded/STM32CubeFunctionPack_ALLMEMS2_V2.1.0/Middlewares/Third_Party/FreeRTOS/Source/timers.c:227:12:xTimerCreateTimerTask	16	static,ignoring_inline_asm
C:/Users/power/OneDrive/Dokumente/6 sem/Embedded/STM32CubeFunctionPack_ALLMEMS2_V2.1.0/Middlewares/Third_Party/FreeRTOS/Source/timers.c:282:16:xTimerCreate	24	static,ignoring_inline_asm
C:/Users/power/OneDrive/Dokumente/6 sem/Embedded/STM32CubeFunctionPack_ALLMEMS2_V2.1.0/Middlewares/Third_Party/FreeRTOS/Source/timers.c:381:12:xTimerGenericCommand	32	static,ignoring_inline_asm
C:/Users/power/OneDrive/Dokumente/6 sem/Embedded/STM32CubeFunctionPack_ALLMEMS2_V2.1.0/Middlewares/Third_Party/FreeRTOS/Source/timers.c:645:19:prvSampleTimeNow	48	static,ignoring_inline_asm
C:/Users/power/OneDrive/Dokumente/6 sem/Embedded/STM32CubeFunctionPack_ALLMEMS2_V2.1.0/Middlewares/Third_Party/FreeRTOS/Source/timers.c:523:8:prvTimerTask	56	static,ignoring_inline_asm
C:/Users/power/OneDrive/Dokumente/6 sem/Embedded/STM32CubeFunctionPack_ALLMEMS2_V2.1.0/Middlewares/Third_Party/FreeRTOS/Source/timers.c:424:14:xTimerGetTimerDaemonTaskHandle	0	static,ignoring_inline_asm
C:/Users/power/OneDrive/Dokumente/6 sem/Embedded/STM32CubeFunctionPack_ALLMEMS2_V2.1.0/Middlewares/Third_Party/FreeRTOS/Source/timers.c:433:12:xTimerGetPeriod	0	static,ignoring_inline_asm
C:/Users/power/OneDrive/Dokumente/6 sem/Embedded/STM32CubeFunctionPack_ALLMEMS2_V2.1.0/Middlewares/Third_Party/FreeRTOS/Source/timers.c:442:6:vTimerSetReloadMode	16	static,ignoring_inline_asm
C:/Users/power/OneDrive/Dokumente/6 sem/Embedded/STM32CubeFunctionPack_ALLMEMS2_V2.1.0/Middlewares/Third_Party/FreeRTOS/Source/timers.c:462:12:xTimerGetExpiryTime	0	static,ignoring_inline_asm
C:/Users/power/OneDrive/Dokumente/6 sem/Embedded/STM32CubeFunctionPack_ALLMEMS2_V2.1.0/Middlewares/Third_Party/FreeRTOS/Source/timers.c:473:14:pcTimerGetName	0	static,ignoring_inline_asm
C:/Users/power/OneDrive/Dokumente/6 sem/Embedded/STM32CubeFunctionPack_ALLMEMS2_V2.1.0/Middlewares/Third_Party/FreeRTOS/Source/timers.c:967:12:xTimerIsTimerActive	16	static,ignoring_inline_asm
C:/Users/power/OneDrive/Dokumente/6 sem/Embedded/STM32CubeFunctionPack_ALLMEMS2_V2.1.0/Middlewares/Third_Party/FreeRTOS/Source/timers.c:992:7:pvTimerGetTimerID	16	static,ignoring_inline_asm
C:/Users/power/OneDrive/Dokumente/6 sem/Embedded/STM32CubeFunctionPack_ALLMEMS2_V2.1.0/Middlewares/Third_Party/FreeRTOS/Source/timers.c:1009:6:vTimerSetTimerID	16	static,ignoring_inline_asm
