C:/Users/power/OneDrive/Dokumente/6 sem/Embedded/STM32CubeFunctionPack_ALLMEMS2_V2.1.0/Middlewares/Third_Party/FreeRTOS/Source/portable/MemMang/heap_4.c:377:13:prvInsertBlockIntoFreeList	8	static
C:/Users/power/OneDrive/Dokumente/6 sem/Embedded/STM32CubeFunctionPack_ALLMEMS2_V2.1.0/Middlewares/Third_Party/FreeRTOS/Source/portable/MemMang/heap_4.c:113:7:pvPortMalloc	24	static,ignoring_inline_asm
C:/Users/power/OneDrive/Dokumente/6 sem/Embedded/STM32CubeFunctionPack_ALLMEMS2_V2.1.0/Middlewares/Third_Party/FreeRTOS/Source/portable/MemMang/heap_4.c:263:6:vPortFree	8	static,ignoring_inline_asm
C:/Users/power/OneDrive/Dokumente/6 sem/Embedded/STM32CubeFunctionPack_ALLMEMS2_V2.1.0/Middlewares/Third_Party/FreeRTOS/Source/portable/MemMang/heap_4.c:311:8:xPortGetFreeHeapSize	0	static
C:/Users/power/OneDrive/Dokumente/6 sem/Embedded/STM32CubeFunctionPack_ALLMEMS2_V2.1.0/Middlewares/Third_Party/FreeRTOS/Source/portable/MemMang/heap_4.c:317:8:xPortGetMinimumEverFreeHeapSize	0	static
C:/Users/power/OneDrive/Dokumente/6 sem/Embedded/STM32CubeFunctionPack_ALLMEMS2_V2.1.0/Middlewares/Third_Party/FreeRTOS/Source/portable/MemMang/heap_4.c:323:6:vPortInitialiseBlocks	0	static
