C:/Users/power/OneDrive/Dokumente/6 sem/Embedded/STM32CubeFunctionPack_ALLMEMS2_V2.1.0/Middlewares/ST/STM32_MetaDataManager/MetaDataManager.c:472:6:ReseMetaDataManager	0	static
C:/Users/power/OneDrive/Dokumente/6 sem/Embedded/STM32CubeFunctionPack_ALLMEMS2_V2.1.0/Middlewares/ST/STM32_MetaDataManager/MetaDataManager.c:498:10:EraseMetaDataManager	0	static
C:/Users/power/OneDrive/Dokumente/6 sem/Embedded/STM32CubeFunctionPack_ALLMEMS2_V2.1.0/Middlewares/ST/STM32_MetaDataManager/MetaDataManager.c:511:6:SaveMetaDataManager	8	static
C:/Users/power/OneDrive/Dokumente/6 sem/Embedded/STM32CubeFunctionPack_ALLMEMS2_V2.1.0/Middlewares/ST/STM32_MetaDataManager/MetaDataManager.c:118:6:InitMetaDataManager	64	static
C:/Users/power/OneDrive/Dokumente/6 sem/Embedded/STM32CubeFunctionPack_ALLMEMS2_V2.1.0/Middlewares/ST/STM32_MetaDataManager/MetaDataManager.c:565:9:MDM_LicenseParsing	48	static
C:/Users/power/OneDrive/Dokumente/6 sem/Embedded/STM32CubeFunctionPack_ALLMEMS2_V2.1.0/Middlewares/ST/STM32_MetaDataManager/MetaDataManager.c:634:10:MetaDataLicenseStatus	0	static
C:/Users/power/OneDrive/Dokumente/6 sem/Embedded/STM32CubeFunctionPack_ALLMEMS2_V2.1.0/Middlewares/ST/STM32_MetaDataManager/MetaDataManager.c:645:10:MDM_SaveGMD	8	static
C:/Users/power/OneDrive/Dokumente/6 sem/Embedded/STM32CubeFunctionPack_ALLMEMS2_V2.1.0/Middlewares/ST/STM32_MetaDataManager/MetaDataManager.c:666:10:MDM_ReCallGMD	8	static
