C:/Users/power/OneDrive/Dokumente/6 sem/Embedded/STM32CubeFunctionPack_ALLMEMS2_V2.1.0/Drivers/BSP/SensorTile/SensorTile_sd.c:627:16:SD_SendCmd	8	static
C:/Users/power/OneDrive/Dokumente/6 sem/Embedded/STM32CubeFunctionPack_ALLMEMS2_V2.1.0/Drivers/BSP/SensorTile/SensorTile_sd.c:151:9:BSP_SD_Init	32	static
C:/Users/power/OneDrive/Dokumente/6 sem/Embedded/STM32CubeFunctionPack_ALLMEMS2_V2.1.0/Drivers/BSP/SensorTile/SensorTile_sd.c:185:9:BSP_SD_GetCardInfo	40	static
C:/Users/power/OneDrive/Dokumente/6 sem/Embedded/STM32CubeFunctionPack_ALLMEMS2_V2.1.0/Drivers/BSP/SensorTile/SensorTile_sd.c:210:9:BSP_SD_ReadBlocks	32	static
C:/Users/power/OneDrive/Dokumente/6 sem/Embedded/STM32CubeFunctionPack_ALLMEMS2_V2.1.0/Drivers/BSP/SensorTile/SensorTile_sd.c:291:9:BSP_SD_WriteBlocks	40	static
C:/Users/power/OneDrive/Dokumente/6 sem/Embedded/STM32CubeFunctionPack_ALLMEMS2_V2.1.0/Drivers/BSP/SensorTile/SensorTile_sd.c:374:6:HAL_SPI_TxCpltCallback	0	static
C:/Users/power/OneDrive/Dokumente/6 sem/Embedded/STM32CubeFunctionPack_ALLMEMS2_V2.1.0/Drivers/BSP/SensorTile/SensorTile_sd.c:700:9:BSP_SD_GetCardState	0	static
C:/Users/power/OneDrive/Dokumente/6 sem/Embedded/STM32CubeFunctionPack_ALLMEMS2_V2.1.0/Drivers/BSP/SensorTile/SensorTile_sd.c:778:9:BSP_SD_Erase	8	static
