C:/Users/power/OneDrive/Dokumente/6 sem/Embedded/STM32CubeFunctionPack_ALLMEMS2_V2.1.0/Middlewares/ST/STM32_USB_Device_Library/Core/Src/usbd_ctlreq.c:852:6:USBD_CtlError.constprop	8	static
C:/Users/power/OneDrive/Dokumente/6 sem/Embedded/STM32CubeFunctionPack_ALLMEMS2_V2.1.0/Middlewares/ST/STM32_USB_Device_Library/Core/Src/usbd_ctlreq.c:114:21:USBD_StdDevReq	24	static
C:/Users/power/OneDrive/Dokumente/6 sem/Embedded/STM32CubeFunctionPack_ALLMEMS2_V2.1.0/Middlewares/ST/STM32_USB_Device_Library/Core/Src/usbd_ctlreq.c:178:21:USBD_StdItfReq	16	static
C:/Users/power/OneDrive/Dokumente/6 sem/Embedded/STM32CubeFunctionPack_ALLMEMS2_V2.1.0/Middlewares/ST/STM32_USB_Device_Library/Core/Src/usbd_ctlreq.c:230:21:USBD_StdEPReq	16	static
C:/Users/power/OneDrive/Dokumente/6 sem/Embedded/STM32CubeFunctionPack_ALLMEMS2_V2.1.0/Middlewares/ST/STM32_USB_Device_Library/Core/Src/usbd_ctlreq.c:834:6:USBD_ParseSetupRequest	0	static
C:/Users/power/OneDrive/Dokumente/6 sem/Embedded/STM32CubeFunctionPack_ALLMEMS2_V2.1.0/Middlewares/ST/STM32_USB_Device_Library/Core/Src/usbd_ctlreq.c:852:6:USBD_CtlError	8	static
C:/Users/power/OneDrive/Dokumente/6 sem/Embedded/STM32CubeFunctionPack_ALLMEMS2_V2.1.0/Middlewares/ST/STM32_USB_Device_Library/Core/Src/usbd_ctlreq.c:868:6:USBD_GetString	12	static
